input 0 0 clk
input 1 0 a1
input 2 1 a1
input 3 2 a1
input 4 3 a1
input 5 4 a1
input 6 5 a1
input 7 6 a1
input 8 7 a1
input 9 0 a2
input 10 1 a2
input 11 2 a2
input 12 3 a2
input 13 4 a2
input 14 5 a2
input 15 6 a2
input 16 7 a2
input 17 0 b
input 18 1 b
input 19 2 b
input 20 3 b
input 21 4 b
input 22 5 b
input 23 6 b
input 24 7 b
input 25 0 in_valid
input 26 0 a_reg_diff_in
input 27 0 b_reg_diff_in
input 28 0 o_reg_diff_in
input 29 0 counter_diff_in
input 30 0 finish_diff_in
input 31 0 busy_diff_in
latch 0 0 copy1.finish
latch 0 0 copy2.finish_other
latch 0 0 finish1
latch 1 0 copy2.finish
latch 1 0 finish2
latch 2 0 copy1.counter
latch 2 0 copy2.counter_other
latch 2 0 counter1
latch 3 1 copy1.counter
latch 3 1 copy2.counter_other
latch 3 1 counter1
latch 4 2 copy1.counter
latch 4 2 copy2.counter_other
latch 4 2 counter1
latch 5 3 copy1.counter
latch 5 3 copy2.counter_other
latch 5 3 counter1
latch 6 0 copy2.counter
latch 6 0 counter2
latch 7 1 copy2.counter
latch 7 1 counter2
latch 8 2 copy2.counter
latch 8 2 counter2
latch 9 3 copy2.counter
latch 9 3 counter2
latch 10 0 a_reg_diff
latch 11 0 b_reg_diff
latch 12 0 o_reg_diff
latch 13 0 counter_diff
latch 14 0 busy_diff
latch 15 0 finish_diff
latch 16 0 copy2.o_reg
latch 17 1 copy2.o_reg
latch 18 2 copy2.o_reg
latch 19 3 copy2.o_reg
latch 20 4 copy2.o_reg
latch 21 5 copy2.o_reg
latch 22 6 copy2.o_reg
latch 23 7 copy2.o_reg
latch 24 8 copy2.o_reg
latch 25 9 copy2.o_reg
latch 26 10 copy2.o_reg
latch 27 11 copy2.o_reg
latch 28 12 copy2.o_reg
latch 29 13 copy2.o_reg
latch 30 14 copy2.o_reg
latch 31 15 copy2.o_reg
latch 32 0 assume_predicate_violate
latch 33 0 assume_1_violate
latch 34 0 busy1
latch 34 0 copy1.busy
latch 34 0 copy2.busy_other
latch 35 0 busy2
latch 35 0 copy2.busy
latch 36 0 b_reg1
latch 36 0 copy1.b_reg
latch 36 0 copy2.b_reg_other
latch 37 1 b_reg1
latch 37 1 copy1.b_reg
latch 37 1 copy2.b_reg_other
latch 38 2 b_reg1
latch 38 2 copy1.b_reg
latch 38 2 copy2.b_reg_other
latch 39 3 b_reg1
latch 39 3 copy1.b_reg
latch 39 3 copy2.b_reg_other
latch 40 4 b_reg1
latch 40 4 copy1.b_reg
latch 40 4 copy2.b_reg_other
latch 41 5 b_reg1
latch 41 5 copy1.b_reg
latch 41 5 copy2.b_reg_other
latch 42 6 b_reg1
latch 42 6 copy1.b_reg
latch 42 6 copy2.b_reg_other
latch 43 7 b_reg1
latch 43 7 copy1.b_reg
latch 43 7 copy2.b_reg_other
latch 44 0 b_reg2
latch 44 0 copy2.b_reg
latch 45 1 b_reg2
latch 45 1 copy2.b_reg
latch 46 2 b_reg2
latch 46 2 copy2.b_reg
latch 47 3 b_reg2
latch 47 3 copy2.b_reg
latch 48 4 b_reg2
latch 48 4 copy2.b_reg
latch 49 5 b_reg2
latch 49 5 copy2.b_reg
latch 50 6 b_reg2
latch 50 6 copy2.b_reg
latch 51 7 b_reg2
latch 51 7 copy2.b_reg
latch 52 0 a_reg1
latch 52 0 copy1.a_reg
latch 52 0 copy2.a_reg_other
latch 53 1 a_reg1
latch 53 1 copy1.a_reg
latch 53 1 copy2.a_reg_other
latch 54 2 a_reg1
latch 54 2 copy1.a_reg
latch 54 2 copy2.a_reg_other
latch 55 3 a_reg1
latch 55 3 copy1.a_reg
latch 55 3 copy2.a_reg_other
latch 56 4 a_reg1
latch 56 4 copy1.a_reg
latch 56 4 copy2.a_reg_other
latch 57 5 a_reg1
latch 57 5 copy1.a_reg
latch 57 5 copy2.a_reg_other
latch 58 6 a_reg1
latch 58 6 copy1.a_reg
latch 58 6 copy2.a_reg_other
latch 59 7 a_reg1
latch 59 7 copy1.a_reg
latch 59 7 copy2.a_reg_other
latch 60 0 a_reg2
latch 60 0 copy2.a_reg
latch 61 1 a_reg2
latch 61 1 copy2.a_reg
latch 62 2 a_reg2
latch 62 2 copy2.a_reg
latch 63 3 a_reg2
latch 63 3 copy2.a_reg
latch 64 4 a_reg2
latch 64 4 copy2.a_reg
latch 65 5 a_reg2
latch 65 5 copy2.a_reg
latch 66 6 a_reg2
latch 66 6 copy2.a_reg
latch 67 7 a_reg2
latch 67 7 copy2.a_reg
latch 68 0 copy1.o_reg
latch 69 1 copy1.o_reg
latch 70 2 copy1.o_reg
latch 71 3 copy1.o_reg
latch 72 4 copy1.o_reg
latch 73 5 copy1.o_reg
latch 74 6 copy1.o_reg
latch 75 7 copy1.o_reg
latch 76 8 copy1.o_reg
latch 77 9 copy1.o_reg
latch 78 10 copy1.o_reg
latch 79 11 copy1.o_reg
latch 80 12 copy1.o_reg
latch 81 13 copy1.o_reg
latch 82 14 copy1.o_reg
latch 83 15 copy1.o_reg
