input 0 0 clk
input 1 0 a1
input 2 1 a1
input 3 2 a1
input 4 3 a1
input 5 4 a1
input 6 5 a1
input 7 6 a1
input 8 7 a1
input 9 0 a2
input 10 1 a2
input 11 2 a2
input 12 3 a2
input 13 4 a2
input 14 5 a2
input 15 6 a2
input 16 7 a2
input 17 0 b
input 18 1 b
input 19 2 b
input 20 3 b
input 21 4 b
input 22 5 b
input 23 6 b
input 24 7 b
input 25 0 in_valid
latch 0 0 copy1.finish
latch 0 0 copy2.finish_other
latch 0 0 finish1
latch 1 0 copy2.finish
latch 1 0 finish2
latch 2 0 a_reg_diff
latch 3 0 b_reg_diff
latch 4 0 busy_diff
latch 5 0 finish_diff
latch 6 0 assume_2_violate
latch 7 0 busy1
latch 7 0 copy1.busy
latch 7 0 copy2.busy_other
latch 8 0 busy2
latch 8 0 copy2.busy
latch 9 0 b_reg1
latch 9 0 copy1.b_reg
latch 9 0 copy2.b_reg_other
latch 10 1 b_reg1
latch 10 1 copy1.b_reg
latch 10 1 copy2.b_reg_other
latch 11 2 b_reg1
latch 11 2 copy1.b_reg
latch 11 2 copy2.b_reg_other
latch 12 3 b_reg1
latch 12 3 copy1.b_reg
latch 12 3 copy2.b_reg_other
latch 13 4 b_reg1
latch 13 4 copy1.b_reg
latch 13 4 copy2.b_reg_other
latch 14 5 b_reg1
latch 14 5 copy1.b_reg
latch 14 5 copy2.b_reg_other
latch 15 6 b_reg1
latch 15 6 copy1.b_reg
latch 15 6 copy2.b_reg_other
latch 16 7 b_reg1
latch 16 7 copy1.b_reg
latch 16 7 copy2.b_reg_other
latch 17 0 b_reg2
latch 17 0 copy2.b_reg
latch 18 1 b_reg2
latch 18 1 copy2.b_reg
latch 19 2 b_reg2
latch 19 2 copy2.b_reg
latch 20 3 b_reg2
latch 20 3 copy2.b_reg
latch 21 4 b_reg2
latch 21 4 copy2.b_reg
latch 22 5 b_reg2
latch 22 5 copy2.b_reg
latch 23 6 b_reg2
latch 23 6 copy2.b_reg
latch 24 7 b_reg2
latch 24 7 copy2.b_reg
latch 25 0 a_reg1
latch 25 0 copy1.a_reg
latch 25 0 copy2.a_reg_other
latch 26 1 a_reg1
latch 26 1 copy1.a_reg
latch 26 1 copy2.a_reg_other
latch 27 2 a_reg1
latch 27 2 copy1.a_reg
latch 27 2 copy2.a_reg_other
latch 28 3 a_reg1
latch 28 3 copy1.a_reg
latch 28 3 copy2.a_reg_other
latch 29 4 a_reg1
latch 29 4 copy1.a_reg
latch 29 4 copy2.a_reg_other
latch 30 5 a_reg1
latch 30 5 copy1.a_reg
latch 30 5 copy2.a_reg_other
latch 31 6 a_reg1
latch 31 6 copy1.a_reg
latch 31 6 copy2.a_reg_other
latch 32 7 a_reg1
latch 32 7 copy1.a_reg
latch 32 7 copy2.a_reg_other
latch 33 0 a_reg2
latch 33 0 copy2.a_reg
latch 34 1 a_reg2
latch 34 1 copy2.a_reg
latch 35 2 a_reg2
latch 35 2 copy2.a_reg
latch 36 3 a_reg2
latch 36 3 copy2.a_reg
latch 37 4 a_reg2
latch 37 4 copy2.a_reg
latch 38 5 a_reg2
latch 38 5 copy2.a_reg
latch 39 6 a_reg2
latch 39 6 copy2.a_reg
latch 40 7 a_reg2
latch 40 7 copy2.a_reg
