input 0 0 a1
input 1 1 a1
input 2 2 a1
input 3 3 a1
input 4 4 a1
input 5 5 a1
input 6 6 a1
input 7 7 a1
input 8 8 a1
input 9 9 a1
input 10 10 a1
input 11 11 a1
input 12 12 a1
input 13 13 a1
input 14 14 a1
input 15 15 a1
input 16 16 a1
input 17 17 a1
input 18 18 a1
input 19 19 a1
input 20 20 a1
input 21 21 a1
input 22 22 a1
input 23 23 a1
input 24 24 a1
input 25 25 a1
input 26 26 a1
input 27 27 a1
input 28 28 a1
input 29 29 a1
input 30 30 a1
input 31 31 a1
input 32 0 a2
input 33 1 a2
input 34 2 a2
input 35 3 a2
input 36 4 a2
input 37 5 a2
input 38 6 a2
input 39 7 a2
input 40 8 a2
input 41 9 a2
input 42 10 a2
input 43 11 a2
input 44 12 a2
input 45 13 a2
input 46 14 a2
input 47 15 a2
input 48 16 a2
input 49 17 a2
input 50 18 a2
input 51 19 a2
input 52 20 a2
input 53 21 a2
input 54 22 a2
input 55 23 a2
input 56 24 a2
input 57 25 a2
input 58 26 a2
input 59 27 a2
input 60 28 a2
input 61 29 a2
input 62 30 a2
input 63 31 a2
input 64 0 b
input 65 1 b
input 66 2 b
input 67 3 b
input 68 4 b
input 69 5 b
input 70 6 b
input 71 7 b
input 72 8 b
input 73 9 b
input 74 10 b
input 75 11 b
input 76 12 b
input 77 13 b
input 78 14 b
input 79 15 b
input 80 16 b
input 81 17 b
input 82 18 b
input 83 19 b
input 84 20 b
input 85 21 b
input 86 22 b
input 87 23 b
input 88 24 b
input 89 25 b
input 90 26 b
input 91 27 b
input 92 28 b
input 93 29 b
input 94 30 b
input 95 31 b
input 96 0 clk
input 97 0 in_valid
latch 0 0 shortcut.neq_a_reg_copy2
latch 1 0 shortcut.neq_b_reg_copy2
latch 2 0 shortcut.neq_busy_copy2
latch 3 0 shortcut.neq_counter_copy2
latch 4 0 shortcut.neq_finish_copy2
latch 5 0 shortcut.neq_o_reg_copy2
latch 6 0 assume_1_violate
latch 7 0 copy1.a_reg
latch 8 1 copy1.a_reg
latch 9 2 copy1.a_reg
latch 10 3 copy1.a_reg
latch 11 4 copy1.a_reg
latch 12 5 copy1.a_reg
latch 13 6 copy1.a_reg
latch 14 7 copy1.a_reg
latch 15 8 copy1.a_reg
latch 16 9 copy1.a_reg
latch 17 10 copy1.a_reg
latch 18 11 copy1.a_reg
latch 19 12 copy1.a_reg
latch 20 13 copy1.a_reg
latch 21 14 copy1.a_reg
latch 22 15 copy1.a_reg
latch 23 16 copy1.a_reg
latch 24 17 copy1.a_reg
latch 25 18 copy1.a_reg
latch 26 19 copy1.a_reg
latch 27 20 copy1.a_reg
latch 28 21 copy1.a_reg
latch 29 22 copy1.a_reg
latch 30 23 copy1.a_reg
latch 31 24 copy1.a_reg
latch 32 25 copy1.a_reg
latch 33 26 copy1.a_reg
latch 34 27 copy1.a_reg
latch 35 28 copy1.a_reg
latch 36 29 copy1.a_reg
latch 37 30 copy1.a_reg
latch 38 31 copy1.a_reg
latch 39 0 copy1.b_reg
latch 40 1 copy1.b_reg
latch 41 2 copy1.b_reg
latch 42 3 copy1.b_reg
latch 43 4 copy1.b_reg
latch 44 5 copy1.b_reg
latch 45 6 copy1.b_reg
latch 46 7 copy1.b_reg
latch 47 8 copy1.b_reg
latch 48 9 copy1.b_reg
latch 49 10 copy1.b_reg
latch 50 11 copy1.b_reg
latch 51 12 copy1.b_reg
latch 52 13 copy1.b_reg
latch 53 14 copy1.b_reg
latch 54 15 copy1.b_reg
latch 55 16 copy1.b_reg
latch 56 17 copy1.b_reg
latch 57 18 copy1.b_reg
latch 58 19 copy1.b_reg
latch 59 20 copy1.b_reg
latch 60 21 copy1.b_reg
latch 61 22 copy1.b_reg
latch 62 23 copy1.b_reg
latch 63 24 copy1.b_reg
latch 64 25 copy1.b_reg
latch 65 26 copy1.b_reg
latch 66 27 copy1.b_reg
latch 67 28 copy1.b_reg
latch 68 29 copy1.b_reg
latch 69 30 copy1.b_reg
latch 70 31 copy1.b_reg
latch 71 0 copy1.busy
latch 72 0 copy1.counter
latch 73 1 copy1.counter
latch 74 2 copy1.counter
latch 75 3 copy1.counter
latch 76 4 copy1.counter
latch 77 5 copy1.counter
latch 78 0 copy2.a_reg
latch 79 1 copy2.a_reg
latch 80 2 copy2.a_reg
latch 81 3 copy2.a_reg
latch 82 4 copy2.a_reg
latch 83 5 copy2.a_reg
latch 84 6 copy2.a_reg
latch 85 7 copy2.a_reg
latch 86 8 copy2.a_reg
latch 87 9 copy2.a_reg
latch 88 10 copy2.a_reg
latch 89 11 copy2.a_reg
latch 90 12 copy2.a_reg
latch 91 13 copy2.a_reg
latch 92 14 copy2.a_reg
latch 93 15 copy2.a_reg
latch 94 16 copy2.a_reg
latch 95 17 copy2.a_reg
latch 96 18 copy2.a_reg
latch 97 19 copy2.a_reg
latch 98 20 copy2.a_reg
latch 99 21 copy2.a_reg
latch 100 22 copy2.a_reg
latch 101 23 copy2.a_reg
latch 102 24 copy2.a_reg
latch 103 25 copy2.a_reg
latch 104 26 copy2.a_reg
latch 105 27 copy2.a_reg
latch 106 28 copy2.a_reg
latch 107 29 copy2.a_reg
latch 108 30 copy2.a_reg
latch 109 31 copy2.a_reg
latch 110 0 copy2.b_reg
latch 111 1 copy2.b_reg
latch 112 2 copy2.b_reg
latch 113 3 copy2.b_reg
latch 114 4 copy2.b_reg
latch 115 5 copy2.b_reg
latch 116 6 copy2.b_reg
latch 117 7 copy2.b_reg
latch 118 8 copy2.b_reg
latch 119 9 copy2.b_reg
latch 120 10 copy2.b_reg
latch 121 11 copy2.b_reg
latch 122 12 copy2.b_reg
latch 123 13 copy2.b_reg
latch 124 14 copy2.b_reg
latch 125 15 copy2.b_reg
latch 126 16 copy2.b_reg
latch 127 17 copy2.b_reg
latch 128 18 copy2.b_reg
latch 129 19 copy2.b_reg
latch 130 20 copy2.b_reg
latch 131 21 copy2.b_reg
latch 132 22 copy2.b_reg
latch 133 23 copy2.b_reg
latch 134 24 copy2.b_reg
latch 135 25 copy2.b_reg
latch 136 26 copy2.b_reg
latch 137 27 copy2.b_reg
latch 138 28 copy2.b_reg
latch 139 29 copy2.b_reg
latch 140 30 copy2.b_reg
latch 141 31 copy2.b_reg
latch 142 0 copy2.busy
latch 143 0 copy2.counter
latch 144 1 copy2.counter
latch 145 2 copy2.counter
latch 146 3 copy2.counter
latch 147 4 copy2.counter
latch 148 5 copy2.counter
latch 149 0 copy2.finish
latch 150 0 copy2.o_reg
latch 151 1 copy2.o_reg
latch 152 2 copy2.o_reg
latch 153 3 copy2.o_reg
latch 154 4 copy2.o_reg
latch 155 5 copy2.o_reg
latch 156 6 copy2.o_reg
latch 157 7 copy2.o_reg
latch 158 8 copy2.o_reg
latch 159 9 copy2.o_reg
latch 160 10 copy2.o_reg
latch 161 11 copy2.o_reg
latch 162 12 copy2.o_reg
latch 163 13 copy2.o_reg
latch 164 14 copy2.o_reg
latch 165 15 copy2.o_reg
latch 166 16 copy2.o_reg
latch 167 17 copy2.o_reg
latch 168 18 copy2.o_reg
latch 169 19 copy2.o_reg
latch 170 20 copy2.o_reg
latch 171 21 copy2.o_reg
latch 172 22 copy2.o_reg
latch 173 23 copy2.o_reg
latch 174 24 copy2.o_reg
latch 175 25 copy2.o_reg
latch 176 26 copy2.o_reg
latch 177 27 copy2.o_reg
latch 178 28 copy2.o_reg
latch 179 29 copy2.o_reg
latch 180 30 copy2.o_reg
latch 181 31 copy2.o_reg
latch 182 32 copy2.o_reg
latch 183 33 copy2.o_reg
latch 184 34 copy2.o_reg
latch 185 35 copy2.o_reg
latch 186 36 copy2.o_reg
latch 187 37 copy2.o_reg
latch 188 38 copy2.o_reg
latch 189 39 copy2.o_reg
latch 190 40 copy2.o_reg
latch 191 41 copy2.o_reg
latch 192 42 copy2.o_reg
latch 193 43 copy2.o_reg
latch 194 44 copy2.o_reg
latch 195 45 copy2.o_reg
latch 196 46 copy2.o_reg
latch 197 47 copy2.o_reg
latch 198 48 copy2.o_reg
latch 199 49 copy2.o_reg
latch 200 50 copy2.o_reg
latch 201 51 copy2.o_reg
latch 202 52 copy2.o_reg
latch 203 53 copy2.o_reg
latch 204 54 copy2.o_reg
latch 205 55 copy2.o_reg
latch 206 56 copy2.o_reg
latch 207 57 copy2.o_reg
latch 208 58 copy2.o_reg
latch 209 59 copy2.o_reg
latch 210 60 copy2.o_reg
latch 211 61 copy2.o_reg
latch 212 62 copy2.o_reg
latch 213 63 copy2.o_reg
latch 214 0 copy1.o
latch 214 0 copy1.o_reg
latch 214 0 o1
latch 215 1 copy1.o
latch 215 1 copy1.o_reg
latch 215 1 o1
latch 216 2 copy1.o
latch 216 2 copy1.o_reg
latch 216 2 o1
latch 217 3 copy1.o
latch 217 3 copy1.o_reg
latch 217 3 o1
latch 218 4 copy1.o
latch 218 4 copy1.o_reg
latch 218 4 o1
latch 219 5 copy1.o
latch 219 5 copy1.o_reg
latch 219 5 o1
latch 220 6 copy1.o
latch 220 6 copy1.o_reg
latch 220 6 o1
latch 221 7 copy1.o
latch 221 7 copy1.o_reg
latch 221 7 o1
latch 222 8 copy1.o
latch 222 8 copy1.o_reg
latch 222 8 o1
latch 223 9 copy1.o
latch 223 9 copy1.o_reg
latch 223 9 o1
latch 224 10 copy1.o
latch 224 10 copy1.o_reg
latch 224 10 o1
latch 225 11 copy1.o
latch 225 11 copy1.o_reg
latch 225 11 o1
latch 226 12 copy1.o
latch 226 12 copy1.o_reg
latch 226 12 o1
latch 227 13 copy1.o
latch 227 13 copy1.o_reg
latch 227 13 o1
latch 228 14 copy1.o
latch 228 14 copy1.o_reg
latch 228 14 o1
latch 229 15 copy1.o
latch 229 15 copy1.o_reg
latch 229 15 o1
latch 230 16 copy1.o
latch 230 16 copy1.o_reg
latch 230 16 o1
latch 231 17 copy1.o
latch 231 17 copy1.o_reg
latch 231 17 o1
latch 232 18 copy1.o
latch 232 18 copy1.o_reg
latch 232 18 o1
latch 233 19 copy1.o
latch 233 19 copy1.o_reg
latch 233 19 o1
latch 234 20 copy1.o
latch 234 20 copy1.o_reg
latch 234 20 o1
latch 235 21 copy1.o
latch 235 21 copy1.o_reg
latch 235 21 o1
latch 236 22 copy1.o
latch 236 22 copy1.o_reg
latch 236 22 o1
latch 237 23 copy1.o
latch 237 23 copy1.o_reg
latch 237 23 o1
latch 238 24 copy1.o
latch 238 24 copy1.o_reg
latch 238 24 o1
latch 239 25 copy1.o
latch 239 25 copy1.o_reg
latch 239 25 o1
latch 240 26 copy1.o
latch 240 26 copy1.o_reg
latch 240 26 o1
latch 241 27 copy1.o
latch 241 27 copy1.o_reg
latch 241 27 o1
latch 242 28 copy1.o
latch 242 28 copy1.o_reg
latch 242 28 o1
latch 243 29 copy1.o
latch 243 29 copy1.o_reg
latch 243 29 o1
latch 244 30 copy1.o
latch 244 30 copy1.o_reg
latch 244 30 o1
latch 245 31 copy1.o
latch 245 31 copy1.o_reg
latch 245 31 o1
latch 246 32 copy1.o
latch 246 32 copy1.o_reg
latch 246 32 o1
latch 247 33 copy1.o
latch 247 33 copy1.o_reg
latch 247 33 o1
latch 248 34 copy1.o
latch 248 34 copy1.o_reg
latch 248 34 o1
latch 249 35 copy1.o
latch 249 35 copy1.o_reg
latch 249 35 o1
latch 250 36 copy1.o
latch 250 36 copy1.o_reg
latch 250 36 o1
latch 251 37 copy1.o
latch 251 37 copy1.o_reg
latch 251 37 o1
latch 252 38 copy1.o
latch 252 38 copy1.o_reg
latch 252 38 o1
latch 253 39 copy1.o
latch 253 39 copy1.o_reg
latch 253 39 o1
latch 254 40 copy1.o
latch 254 40 copy1.o_reg
latch 254 40 o1
latch 255 41 copy1.o
latch 255 41 copy1.o_reg
latch 255 41 o1
latch 256 42 copy1.o
latch 256 42 copy1.o_reg
latch 256 42 o1
latch 257 43 copy1.o
latch 257 43 copy1.o_reg
latch 257 43 o1
latch 258 44 copy1.o
latch 258 44 copy1.o_reg
latch 258 44 o1
latch 259 45 copy1.o
latch 259 45 copy1.o_reg
latch 259 45 o1
latch 260 46 copy1.o
latch 260 46 copy1.o_reg
latch 260 46 o1
latch 261 47 copy1.o
latch 261 47 copy1.o_reg
latch 261 47 o1
latch 262 48 copy1.o
latch 262 48 copy1.o_reg
latch 262 48 o1
latch 263 49 copy1.o
latch 263 49 copy1.o_reg
latch 263 49 o1
latch 264 50 copy1.o
latch 264 50 copy1.o_reg
latch 264 50 o1
latch 265 51 copy1.o
latch 265 51 copy1.o_reg
latch 265 51 o1
latch 266 52 copy1.o
latch 266 52 copy1.o_reg
latch 266 52 o1
latch 267 53 copy1.o
latch 267 53 copy1.o_reg
latch 267 53 o1
latch 268 54 copy1.o
latch 268 54 copy1.o_reg
latch 268 54 o1
latch 269 55 copy1.o
latch 269 55 copy1.o_reg
latch 269 55 o1
latch 270 56 copy1.o
latch 270 56 copy1.o_reg
latch 270 56 o1
latch 271 57 copy1.o
latch 271 57 copy1.o_reg
latch 271 57 o1
latch 272 58 copy1.o
latch 272 58 copy1.o_reg
latch 272 58 o1
latch 273 59 copy1.o
latch 273 59 copy1.o_reg
latch 273 59 o1
latch 274 60 copy1.o
latch 274 60 copy1.o_reg
latch 274 60 o1
latch 275 61 copy1.o
latch 275 61 copy1.o_reg
latch 275 61 o1
latch 276 62 copy1.o
latch 276 62 copy1.o_reg
latch 276 62 o1
latch 277 63 copy1.o
latch 277 63 copy1.o_reg
latch 277 63 o1
latch 278 0 copy1.finish
latch 278 0 copy1.out_valid
latch 278 0 out_valid1
